// Jest Snapshot v1, https://goo.gl/fbAQLP

exports[`Article 1`] = `
<article
  className=" mb-8"
>
  <mockConstructor
    to="/articles/2019-09-27-endometriosis-diagnosis/"
  >
    <header>
      <p
        className="text-lg font-bold pt-5 pb-2"
      >
        Endometriosis Diagnosis
      </p>
    </header>
    <p
      className="text-sm pb-2"
    >
      Learn how endometriosis is diagnosed
    </p>
  </mockConstructor>
</article>
`;
