// Jest Snapshot v1, https://goo.gl/fbAQLP

exports[`Footer 1`] = `
<footer
  className="footer relative pt-12"
>
  <SocialLinks />
  <small
    className="flex justify-center py-4"
  >
    <span>
      © 
      2020
       Amber Robinson | website by 
      <a
        className="footer-link"
        href="https://www.whoisyuval.com"
        rel="noopener noreferrer"
        target="_blank"
      >
        yuval allweil
      </a>
    </span>
  </small>
</footer>
`;
