// Jest Snapshot v1, https://goo.gl/fbAQLP

exports[`SocialLinks 1`] = `
<span
  className="social absolute block w-full text-center"
>
  <MakeSocialLink
    href="https://www.instagram.com/thechronicinfo/"
    src="test-file-stub"
    title="The Chronic Instagram"
  />
  <MakeSocialLink
    href="https://www.facebook.com/thechronicinfo"
    src="test-file-stub"
    title="The Chronic Facebook"
  />
  <MakeSocialLink
    href="https://twitter.com/info_chronic"
    src="test-file-stub"
    title="The Chronic Twitter"
  />
</span>
`;
